6.010: [GC [PSYoungGen: 65571K->3925K(152896K)] 65571K->3925K(1551040K), 0.0226730 secs]
6.033: [Full GC [PSYoungGen: 3925K->0K(152896K)] [ParOldGen: 0K->3869K(1398144K)] 3925K->3869K(1551040K) [PSPermGen: 9764K->9753K(19712K)], 0.1857960 secs]
11.647: [GC [PSYoungGen: 131072K->5014K(152896K)] 134941K->8884K(1551040K), 0.0173650 secs]
16.970: [GC [PSYoungGen: 136086K->13839K(152896K)] 139956K->17709K(1551040K), 0.0434000 secs]
20.362: [GC [PSYoungGen: 96300K->21814K(152896K)] 100170K->26188K(1551040K), 0.0605780 secs]
20.423: [Full GC [PSYoungGen: 21814K->0K(152896K)] [ParOldGen: 4374K->25898K(1398144K)] 26188K->25898K(1551040K) [PSPermGen: 26681K->26648K(45696K)], 0.5009150 secs]
23.415: [GC [PSYoungGen: 131072K->2601K(152896K)] 156970K->28500K(1551040K), 0.0129020 secs]
27.532: [GC [PSYoungGen: 133673K->6499K(152896K)] 159572K->32398K(1551040K), 0.0196480 secs]
29.755: [GC [PSYoungGen: 137571K->10395K(140992K)] 163470K->36293K(1539136K), 0.0295770 secs]
32.482: [GC [PSYoungGen: 140955K->14201K(151360K)] 166853K->40100K(1549504K), 0.0379390 secs]
34.583: [GC [PSYoungGen: 144057K->17914K(147264K)] 169956K->43813K(1545408K), 0.0476900 secs]
35.759: [GC [PSYoungGen: 147258K->14591K(150336K)] 173157K->46132K(1548480K), 0.0531570 secs]
36.022: [GC [PSYoungGen: 140799K->7635K(133888K)] 172340K->46299K(1532032K), 0.0458460 secs]
36.262: [GC [PSYoungGen: 133843K->144K(149248K)] 172507K->46387K(1547392K), 0.0226260 secs]
36.469: [GC [PSYoungGen: 125904K->64K(149824K)] 172147K->46395K(1547968K), 0.0046620 secs]
36.662: [GC [PSYoungGen: 125824K->64K(150528K)] 172155K->46411K(1548672K), 0.0047190 secs]
36.858: [GC [PSYoungGen: 126336K->64K(125824K)] 172683K->46411K(1523968K), 0.0045560 secs]
37.055: [GC [PSYoungGen: 125824K->48K(147584K)] 172171K->46407K(1545728K), 0.0047070 secs]
37.246: [GC [PSYoungGen: 125296K->48K(124800K)] 171655K->46407K(1522944K), 0.0045050 secs]
37.437: [GC [PSYoungGen: 124784K->48K(145088K)] 171143K->46407K(1543232K), 0.0049260 secs]
37.629: [GC [PSYoungGen: 124336K->64K(123904K)] 170695K->46435K(1522048K), 0.0047330 secs]
37.824: [GC [PSYoungGen: 123904K->64K(142400K)] 170275K->46439K(1540544K), 0.0048310 secs]
38.012: [GC [PSYoungGen: 123456K->48K(123008K)] 169831K->46423K(1521152K), 0.0048920 secs]
38.201: [GC [PSYoungGen: 122992K->48K(139584K)] 169367K->46435K(1537728K), 0.0044750 secs]
38.391: [GC [PSYoungGen: 122544K->48K(122112K)] 168931K->46435K(1520256K), 0.0040580 secs]
38.583: [GC [PSYoungGen: 122096K->48K(136832K)] 168483K->46435K(1534976K), 0.0050280 secs]
38.768: [GC [PSYoungGen: 121648K->48K(121216K)] 168035K->46435K(1519360K), 0.0046600 secs]
38.955: [GC [PSYoungGen: 121200K->48K(134208K)] 167587K->46447K(1532352K), 0.0047020 secs]
39.146: [GC [PSYoungGen: 120752K->64K(120320K)] 167151K->46463K(1518464K), 0.0051460 secs]
39.336: [GC [PSYoungGen: 120320K->48K(131648K)] 166719K->46459K(1529792K), 0.0049470 secs]
39.519: [GC [PSYoungGen: 119856K->64K(119424K)] 166267K->46475K(1517568K), 0.0046680 secs]
39.701: [GC [PSYoungGen: 119424K->48K(129216K)] 165835K->46459K(1527360K), 0.0049570 secs]
39.883: [GC [PSYoungGen: 118960K->48K(118528K)] 165371K->46471K(1516672K), 0.0052210 secs]
40.063: [GC [PSYoungGen: 118512K->64K(126912K)] 164935K->46491K(1525056K), 0.0046790 secs]
40.242: [GC [PSYoungGen: 118080K->64K(117632K)] 164507K->46491K(1515776K), 0.0051830 secs]
40.421: [GC [PSYoungGen: 117632K->48K(124736K)] 164059K->46475K(1522880K), 0.0045990 secs]
40.599: [GC [PSYoungGen: 117168K->64K(116736K)] 163595K->46495K(1514880K), 0.0048370 secs]
40.776: [GC [PSYoungGen: 116736K->48K(122752K)] 163167K->46483K(1520896K), 0.0050440 secs]
40.954: [GC [PSYoungGen: 116272K->48K(115904K)] 162707K->46495K(1514048K), 0.0044300 secs]
41.131: [GC [PSYoungGen: 115888K->48K(121024K)] 162335K->46495K(1519168K), 0.0024680 secs]
41.304: [GC [PSYoungGen: 115504K->48K(115136K)] 161951K->46495K(1513280K), 0.0049050 secs]
41.481: [GC [PSYoungGen: 115120K->48K(119424K)] 161567K->46495K(1517568K), 0.0048600 secs]
41.654: [GC [PSYoungGen: 114736K->64K(114368K)] 161183K->46511K(1512512K), 0.0044050 secs]
41.826: [GC [PSYoungGen: 114368K->48K(117952K)] 160815K->46495K(1516096K), 0.0049480 secs]
42.000: [GC [PSYoungGen: 113968K->48K(113600K)] 160415K->46503K(1511744K), 0.0043040 secs]
42.172: [GC [PSYoungGen: 113584K->48K(116544K)] 160039K->46511K(1514688K), 0.0044790 secs]
42.344: [GC [PSYoungGen: 113200K->48K(112832K)] 159663K->46511K(1510976K), 0.0044070 secs]
42.514: [GC [PSYoungGen: 112816K->48K(115264K)] 159279K->46511K(1513408K), 0.0048440 secs]
42.685: [GC [PSYoungGen: 112432K->64K(112064K)] 158895K->46543K(1510208K), 0.0045800 secs]
42.855: [GC [PSYoungGen: 112064K->48K(113920K)] 158543K->46527K(1512064K), 0.0043140 secs]
43.024: [GC [PSYoungGen: 111664K->48K(111296K)] 158143K->46527K(1509440K), 0.0042380 secs]
43.192: [GC [PSYoungGen: 111280K->64K(112704K)] 157759K->46555K(1510848K), 0.0044600 secs]
43.358: [GC [PSYoungGen: 110912K->48K(110528K)] 157403K->46539K(1508672K), 0.0043480 secs]
43.525: [GC [PSYoungGen: 110512K->64K(111744K)] 157003K->46555K(1509888K), 0.0043040 secs]
43.692: [GC [PSYoungGen: 110144K->48K(109760K)] 156635K->46551K(1507904K), 0.0040370 secs]
43.859: [GC [PSYoungGen: 109744K->48K(110656K)] 156247K->46551K(1508800K), 0.0044590 secs]
44.026: [GC [PSYoungGen: 109360K->48K(108992K)] 155863K->46551K(1507136K), 0.0047810 secs]
44.191: [GC [PSYoungGen: 108976K->48K(109568K)] 155479K->46559K(1507712K), 0.0044250 secs]
44.357: [GC [PSYoungGen: 108592K->48K(108224K)] 155103K->46559K(1506368K), 0.0043470 secs]
44.521: [GC [PSYoungGen: 108208K->64K(108672K)] 154719K->46575K(1506816K), 0.0048590 secs]
44.684: [GC [PSYoungGen: 107840K->48K(107456K)] 154351K->46567K(1505600K), 0.0046190 secs]
44.847: [GC [PSYoungGen: 107440K->64K(107712K)] 153959K->46583K(1505856K), 0.0042480 secs]
45.010: [GC [PSYoungGen: 107136K->48K(106816K)] 153655K->46567K(1504960K), 0.0050870 secs]
45.172: [GC [PSYoungGen: 106800K->48K(107008K)] 153319K->46571K(1505152K), 0.0048120 secs]
45.334: [GC [PSYoungGen: 106480K->64K(106176K)] 153003K->46587K(1504320K), 0.0046620 secs]
45.495: [GC [PSYoungGen: 106176K->48K(106240K)] 152699K->46583K(1504384K), 0.0042780 secs]
45.656: [GC [PSYoungGen: 105840K->48K(105536K)] 152375K->46583K(1503680K), 0.0048570 secs]
45.816: [GC [PSYoungGen: 105520K->48K(105408K)] 152055K->46583K(1503552K), 0.0046860 secs]
45.975: [GC [PSYoungGen: 105200K->48K(104896K)] 151735K->46595K(1503040K), 0.0050560 secs]
46.135: [GC [PSYoungGen: 104880K->48K(104576K)] 151427K->46595K(1502720K), 0.0047430 secs]
46.293: [GC [PSYoungGen: 104560K->48K(104768K)] 151107K->46595K(1502912K), 0.0042690 secs]
46.454: [GC [PSYoungGen: 104240K->48K(103936K)] 150787K->46595K(1502080K), 0.0044130 secs]
46.613: [GC [PSYoungGen: 103920K->64K(104064K)] 150467K->46623K(1502208K), 0.0022700 secs]
46.768: [GC [PSYoungGen: 103616K->48K(103296K)] 150175K->46619K(1501440K), 0.0022600 secs]
46.923: [GC [PSYoungGen: 103280K->64K(103360K)] 149851K->46635K(1501504K), 0.0050810 secs]
47.082: [GC [PSYoungGen: 102976K->64K(102656K)] 149547K->46635K(1500800K), 0.0046140 secs]
47.241: [GC [PSYoungGen: 102656K->64K(102656K)] 149227K->46647K(1500800K), 0.0038520 secs]
47.396: [GC [PSYoungGen: 102336K->48K(102016K)] 148919K->46647K(1500160K), 0.0035890 secs]
47.550: [GC [PSYoungGen: 102000K->48K(101952K)] 148599K->46647K(1500096K), 0.0041620 secs]
47.705: [GC [PSYoungGen: 101680K->64K(101376K)] 148279K->46663K(1499520K), 0.0036490 secs]
47.859: [GC [PSYoungGen: 101376K->64K(101248K)] 147975K->46663K(1499392K), 0.0037860 secs]
48.013: [GC [PSYoungGen: 101056K->48K(100736K)] 147655K->46659K(1498880K), 0.0039280 secs]
48.165: [GC [PSYoungGen: 100720K->48K(100608K)] 147331K->46659K(1498752K), 0.0038150 secs]
48.317: [GC [PSYoungGen: 100400K->48K(100096K)] 147011K->46671K(1498240K), 0.0042120 secs]
48.470: [GC [PSYoungGen: 100080K->64K(99968K)] 146703K->46687K(1498112K), 0.0038770 secs]
48.621: [GC [PSYoungGen: 99776K->64K(99456K)] 146399K->46687K(1497600K), 0.0040680 secs]
48.773: [GC [PSYoungGen: 99456K->48K(99264K)] 146079K->46683K(1497408K), 0.0037860 secs]
48.923: [GC [PSYoungGen: 99120K->48K(98816K)] 145755K->46683K(1496960K), 0.0039310 secs]
49.074: [GC [PSYoungGen: 98800K->64K(98624K)] 145435K->46699K(1496768K), 0.0043830 secs]
49.225: [GC [PSYoungGen: 98496K->64K(98176K)] 145131K->46711K(1496320K), 0.0037280 secs]
49.373: [GC [PSYoungGen: 98176K->48K(97984K)] 144823K->46695K(1496128K), 0.0041130 secs]
49.522: [GC [PSYoungGen: 97840K->64K(97600K)] 144487K->46715K(1495744K), 0.0035100 secs]
49.669: [GC [PSYoungGen: 97600K->48K(97472K)] 144251K->46703K(1495616K), 0.0036670 secs]
49.815: [GC [PSYoungGen: 97328K->48K(97088K)] 143983K->46715K(1495232K), 0.0035570 secs]
49.960: [GC [PSYoungGen: 97072K->48K(96896K)] 143739K->46715K(1495040K), 0.0039910 secs]
50.106: [GC [PSYoungGen: 96816K->64K(96576K)] 143483K->46731K(1494720K), 0.0042640 secs]
50.251: [GC [PSYoungGen: 96576K->64K(96384K)] 143243K->46739K(1494528K), 0.0041010 secs]
50.396: [GC [PSYoungGen: 96320K->48K(96064K)] 142995K->46731K(1494208K), 0.0045190 secs]
50.540: [GC [PSYoungGen: 96048K->48K(95872K)] 142731K->46731K(1494016K), 0.0036910 secs]
50.685: [GC [PSYoungGen: 95792K->48K(95552K)] 142475K->46739K(1493696K), 0.0022290 secs]
